running egg_info
writing ../../build/move_turtle_pkg/move_turtle_pkg.egg-info/PKG-INFO
writing dependency_links to ../../build/move_turtle_pkg/move_turtle_pkg.egg-info/dependency_links.txt
writing entry points to ../../build/move_turtle_pkg/move_turtle_pkg.egg-info/entry_points.txt
writing requirements to ../../build/move_turtle_pkg/move_turtle_pkg.egg-info/requires.txt
writing top-level names to ../../build/move_turtle_pkg/move_turtle_pkg.egg-info/top_level.txt
reading manifest file '../../build/move_turtle_pkg/move_turtle_pkg.egg-info/SOURCES.txt'
writing manifest file '../../build/move_turtle_pkg/move_turtle_pkg.egg-info/SOURCES.txt'
running build
running build_py
copying move_turtle_pkg/move_by_img.py -> /home/yoo/ROS2_education/edu2_ws/build/move_turtle_pkg/build/lib/move_turtle_pkg
running install
running install_lib
copying /home/yoo/ROS2_education/edu2_ws/build/move_turtle_pkg/build/lib/move_turtle_pkg/move_by_img.py -> /home/yoo/ROS2_education/edu2_ws/install/move_turtle_pkg/lib/python3.10/site-packages/move_turtle_pkg
byte-compiling /home/yoo/ROS2_education/edu2_ws/install/move_turtle_pkg/lib/python3.10/site-packages/move_turtle_pkg/move_by_img.py to move_by_img.cpython-310.pyc
running install_data
running install_egg_info
removing '/home/yoo/ROS2_education/edu2_ws/install/move_turtle_pkg/lib/python3.10/site-packages/move_turtle_pkg-0.0.0-py3.10.egg-info' (and everything under it)
Copying ../../build/move_turtle_pkg/move_turtle_pkg.egg-info to /home/yoo/ROS2_education/edu2_ws/install/move_turtle_pkg/lib/python3.10/site-packages/move_turtle_pkg-0.0.0-py3.10.egg-info
running install_scripts
Installing move_by_img script to /home/yoo/ROS2_education/edu2_ws/install/move_turtle_pkg/lib/move_turtle_pkg
writing list of installed files to '/home/yoo/ROS2_education/edu2_ws/build/move_turtle_pkg/install.log'
