[0.555s] Invoking command in '/home/yoo/ROS2_education/edu2_ws/src/move_turtle_pkg': PYTHONPATH=/home/yoo/ROS2_education/edu2_ws/build/move_turtle_pkg/prefix_override:/usr/lib/python3/dist-packages/colcon_core/task/python/colcon_distutils_commands:/home/yoo/ROS2_education/edu2_ws/install/move_turtle_pkg/lib/python3.10/site-packages:${PYTHONPATH} /usr/bin/python3 -W ignore:setup.py install is deprecated -W ignore:easy_install command is deprecated setup.py egg_info --egg-base ../../build/move_turtle_pkg build --build-base /home/yoo/ROS2_education/edu2_ws/build/move_turtle_pkg/build install --record /home/yoo/ROS2_education/edu2_ws/build/move_turtle_pkg/install.log --single-version-externally-managed install_data
[0.765s] running egg_info
[0.766s] creating ../../build/move_turtle_pkg/move_turtle_pkg.egg-info
[0.766s] writing ../../build/move_turtle_pkg/move_turtle_pkg.egg-info/PKG-INFO
[0.766s] writing dependency_links to ../../build/move_turtle_pkg/move_turtle_pkg.egg-info/dependency_links.txt
[0.767s] writing entry points to ../../build/move_turtle_pkg/move_turtle_pkg.egg-info/entry_points.txt
[0.767s] writing requirements to ../../build/move_turtle_pkg/move_turtle_pkg.egg-info/requires.txt
[0.767s] writing top-level names to ../../build/move_turtle_pkg/move_turtle_pkg.egg-info/top_level.txt
[0.767s] writing manifest file '../../build/move_turtle_pkg/move_turtle_pkg.egg-info/SOURCES.txt'
[0.768s] reading manifest file '../../build/move_turtle_pkg/move_turtle_pkg.egg-info/SOURCES.txt'
[0.770s] writing manifest file '../../build/move_turtle_pkg/move_turtle_pkg.egg-info/SOURCES.txt'
[0.770s] running build
[0.770s] running build_py
[0.770s] creating /home/yoo/ROS2_education/edu2_ws/build/move_turtle_pkg/build
[0.770s] creating /home/yoo/ROS2_education/edu2_ws/build/move_turtle_pkg/build/lib
[0.770s] creating /home/yoo/ROS2_education/edu2_ws/build/move_turtle_pkg/build/lib/move_turtle_pkg
[0.770s] copying move_turtle_pkg/move_by_img.py -> /home/yoo/ROS2_education/edu2_ws/build/move_turtle_pkg/build/lib/move_turtle_pkg
[0.771s] copying move_turtle_pkg/__init__.py -> /home/yoo/ROS2_education/edu2_ws/build/move_turtle_pkg/build/lib/move_turtle_pkg
[0.771s] running install
[0.771s] running install_lib
[0.771s] creating /home/yoo/ROS2_education/edu2_ws/install/move_turtle_pkg/lib/python3.10/site-packages/move_turtle_pkg
[0.771s] copying /home/yoo/ROS2_education/edu2_ws/build/move_turtle_pkg/build/lib/move_turtle_pkg/move_by_img.py -> /home/yoo/ROS2_education/edu2_ws/install/move_turtle_pkg/lib/python3.10/site-packages/move_turtle_pkg
[0.771s] copying /home/yoo/ROS2_education/edu2_ws/build/move_turtle_pkg/build/lib/move_turtle_pkg/__init__.py -> /home/yoo/ROS2_education/edu2_ws/install/move_turtle_pkg/lib/python3.10/site-packages/move_turtle_pkg
[0.772s] byte-compiling /home/yoo/ROS2_education/edu2_ws/install/move_turtle_pkg/lib/python3.10/site-packages/move_turtle_pkg/move_by_img.py to move_by_img.cpython-310.pyc
[0.773s] byte-compiling /home/yoo/ROS2_education/edu2_ws/install/move_turtle_pkg/lib/python3.10/site-packages/move_turtle_pkg/__init__.py to __init__.cpython-310.pyc
[0.773s] running install_data
[0.773s] creating /home/yoo/ROS2_education/edu2_ws/install/move_turtle_pkg/share/ament_index
[0.773s] creating /home/yoo/ROS2_education/edu2_ws/install/move_turtle_pkg/share/ament_index/resource_index
[0.773s] creating /home/yoo/ROS2_education/edu2_ws/install/move_turtle_pkg/share/ament_index/resource_index/packages
[0.773s] copying resource/move_turtle_pkg -> /home/yoo/ROS2_education/edu2_ws/install/move_turtle_pkg/share/ament_index/resource_index/packages
[0.773s] copying package.xml -> /home/yoo/ROS2_education/edu2_ws/install/move_turtle_pkg/share/move_turtle_pkg
[0.773s] running install_egg_info
[0.774s] Copying ../../build/move_turtle_pkg/move_turtle_pkg.egg-info to /home/yoo/ROS2_education/edu2_ws/install/move_turtle_pkg/lib/python3.10/site-packages/move_turtle_pkg-0.0.0-py3.10.egg-info
[0.775s] running install_scripts
[0.790s] Installing move_by_img script to /home/yoo/ROS2_education/edu2_ws/install/move_turtle_pkg/lib/move_turtle_pkg
[0.790s] writing list of installed files to '/home/yoo/ROS2_education/edu2_ws/build/move_turtle_pkg/install.log'
[0.815s] Invoked command in '/home/yoo/ROS2_education/edu2_ws/src/move_turtle_pkg' returned '0': PYTHONPATH=/home/yoo/ROS2_education/edu2_ws/build/move_turtle_pkg/prefix_override:/usr/lib/python3/dist-packages/colcon_core/task/python/colcon_distutils_commands:/home/yoo/ROS2_education/edu2_ws/install/move_turtle_pkg/lib/python3.10/site-packages:${PYTHONPATH} /usr/bin/python3 -W ignore:setup.py install is deprecated -W ignore:easy_install command is deprecated setup.py egg_info --egg-base ../../build/move_turtle_pkg build --build-base /home/yoo/ROS2_education/edu2_ws/build/move_turtle_pkg/build install --record /home/yoo/ROS2_education/edu2_ws/build/move_turtle_pkg/install.log --single-version-externally-managed install_data
