/home/yoo/ROS2_education/edu_ws/install/auto_turtle1/lib/python3.10/site-packages/auto_turtle1/auto_sub.py
/home/yoo/ROS2_education/edu_ws/install/auto_turtle1/lib/python3.10/site-packages/auto_turtle1/stop_signal.py
/home/yoo/ROS2_education/edu_ws/install/auto_turtle1/lib/python3.10/site-packages/auto_turtle1/__init__.py
/home/yoo/ROS2_education/edu_ws/install/auto_turtle1/lib/python3.10/site-packages/auto_turtle1/auto_pub.py
/home/yoo/ROS2_education/edu_ws/install/auto_turtle1/lib/python3.10/site-packages/auto_turtle1/__pycache__/auto_sub.cpython-310.pyc
/home/yoo/ROS2_education/edu_ws/install/auto_turtle1/lib/python3.10/site-packages/auto_turtle1/__pycache__/stop_signal.cpython-310.pyc
/home/yoo/ROS2_education/edu_ws/install/auto_turtle1/lib/python3.10/site-packages/auto_turtle1/__pycache__/__init__.cpython-310.pyc
/home/yoo/ROS2_education/edu_ws/install/auto_turtle1/lib/python3.10/site-packages/auto_turtle1/__pycache__/auto_pub.cpython-310.pyc
/home/yoo/ROS2_education/edu_ws/install/auto_turtle1/share/ament_index/resource_index/packages/auto_turtle1
/home/yoo/ROS2_education/edu_ws/install/auto_turtle1/share/auto_turtle1/package.xml
/home/yoo/ROS2_education/edu_ws/install/auto_turtle1/lib/python3.10/site-packages/auto_turtle1-0.0.0-py3.10.egg-info/top_level.txt
/home/yoo/ROS2_education/edu_ws/install/auto_turtle1/lib/python3.10/site-packages/auto_turtle1-0.0.0-py3.10.egg-info/zip-safe
/home/yoo/ROS2_education/edu_ws/install/auto_turtle1/lib/python3.10/site-packages/auto_turtle1-0.0.0-py3.10.egg-info/SOURCES.txt
/home/yoo/ROS2_education/edu_ws/install/auto_turtle1/lib/python3.10/site-packages/auto_turtle1-0.0.0-py3.10.egg-info/requires.txt
/home/yoo/ROS2_education/edu_ws/install/auto_turtle1/lib/python3.10/site-packages/auto_turtle1-0.0.0-py3.10.egg-info/PKG-INFO
/home/yoo/ROS2_education/edu_ws/install/auto_turtle1/lib/python3.10/site-packages/auto_turtle1-0.0.0-py3.10.egg-info/dependency_links.txt
/home/yoo/ROS2_education/edu_ws/install/auto_turtle1/lib/python3.10/site-packages/auto_turtle1-0.0.0-py3.10.egg-info/entry_points.txt
/home/yoo/ROS2_education/edu_ws/install/auto_turtle1/lib/auto_turtle1/auto_pub
/home/yoo/ROS2_education/edu_ws/install/auto_turtle1/lib/auto_turtle1/auto_sub
/home/yoo/ROS2_education/edu_ws/install/auto_turtle1/lib/auto_turtle1/stop_signal
