[0.535s] Invoking command in '/home/yoo/ROS2_education/edu_ws/build/auto_turtle1': PYTHONPATH=/home/yoo/ROS2_education/edu_ws/build/auto_turtle1/prefix_override:/usr/lib/python3/dist-packages/colcon_core/task/python/colcon_distutils_commands:/home/yoo/ROS2_education/edu_ws/install/auto_turtle1/lib/python3.10/site-packages:${PYTHONPATH} /usr/bin/python3 -W ignore:setup.py install is deprecated -W ignore:easy_install command is deprecated setup.py develop --editable --build-directory /home/yoo/ROS2_education/edu_ws/build/auto_turtle1/build --no-deps symlink_data
[0.773s] running develop
[0.958s] running egg_info
[0.958s] creating auto_turtle1.egg-info
[0.958s] writing auto_turtle1.egg-info/PKG-INFO
[0.959s] writing dependency_links to auto_turtle1.egg-info/dependency_links.txt
[0.959s] writing entry points to auto_turtle1.egg-info/entry_points.txt
[0.959s] writing requirements to auto_turtle1.egg-info/requires.txt
[0.959s] writing top-level names to auto_turtle1.egg-info/top_level.txt
[0.959s] writing manifest file 'auto_turtle1.egg-info/SOURCES.txt'
[0.961s] reading manifest file 'auto_turtle1.egg-info/SOURCES.txt'
[0.961s] writing manifest file 'auto_turtle1.egg-info/SOURCES.txt'
[0.962s] running build_ext
[0.962s] Creating /home/yoo/ROS2_education/edu_ws/install/auto_turtle1/lib/python3.10/site-packages/auto-turtle1.egg-link (link to .)
[0.963s] Installing auto_pub script to /home/yoo/ROS2_education/edu_ws/install/auto_turtle1/lib/auto_turtle1
[0.963s] Installing auto_sub script to /home/yoo/ROS2_education/edu_ws/install/auto_turtle1/lib/auto_turtle1
[0.963s] Installing stop_signal script to /home/yoo/ROS2_education/edu_ws/install/auto_turtle1/lib/auto_turtle1
[0.963s] 
[0.964s] Installed /home/yoo/ROS2_education/edu_ws/build/auto_turtle1
[0.964s] running symlink_data
[0.964s] creating /home/yoo/ROS2_education/edu_ws/install/auto_turtle1/share/ament_index
[0.964s] creating /home/yoo/ROS2_education/edu_ws/install/auto_turtle1/share/ament_index/resource_index
[0.964s] creating /home/yoo/ROS2_education/edu_ws/install/auto_turtle1/share/ament_index/resource_index/packages
[0.964s] symbolically linking /home/yoo/ROS2_education/edu_ws/build/auto_turtle1/resource/auto_turtle1 -> /home/yoo/ROS2_education/edu_ws/install/auto_turtle1/share/ament_index/resource_index/packages
[0.964s] symbolically linking /home/yoo/ROS2_education/edu_ws/build/auto_turtle1/package.xml -> /home/yoo/ROS2_education/edu_ws/install/auto_turtle1/share/auto_turtle1
[1.008s] Invoked command in '/home/yoo/ROS2_education/edu_ws/build/auto_turtle1' returned '0': PYTHONPATH=/home/yoo/ROS2_education/edu_ws/build/auto_turtle1/prefix_override:/usr/lib/python3/dist-packages/colcon_core/task/python/colcon_distutils_commands:/home/yoo/ROS2_education/edu_ws/install/auto_turtle1/lib/python3.10/site-packages:${PYTHONPATH} /usr/bin/python3 -W ignore:setup.py install is deprecated -W ignore:easy_install command is deprecated setup.py develop --editable --build-directory /home/yoo/ROS2_education/edu_ws/build/auto_turtle1/build --no-deps symlink_data
