[0.504s] Invoking command in '/home/yoo/ROS2_education/edu2_ws/src/move_turtle_pkg': PYTHONPATH=/home/yoo/ROS2_education/edu2_ws/build/move_turtle_pkg/prefix_override:/usr/lib/python3/dist-packages/colcon_core/task/python/colcon_distutils_commands:/home/yoo/ROS2_education/edu2_ws/install/move_turtle_pkg/lib/python3.10/site-packages:${PYTHONPATH} /usr/bin/python3 -W ignore:setup.py install is deprecated -W ignore:easy_install command is deprecated setup.py egg_info --egg-base ../../build/move_turtle_pkg build --build-base /home/yoo/ROS2_education/edu2_ws/build/move_turtle_pkg/build install --record /home/yoo/ROS2_education/edu2_ws/build/move_turtle_pkg/install.log --single-version-externally-managed install_data
[0.699s] running egg_info
[0.699s] writing ../../build/move_turtle_pkg/move_turtle_pkg.egg-info/PKG-INFO
[0.699s] writing dependency_links to ../../build/move_turtle_pkg/move_turtle_pkg.egg-info/dependency_links.txt
[0.699s] writing entry points to ../../build/move_turtle_pkg/move_turtle_pkg.egg-info/entry_points.txt
[0.700s] writing requirements to ../../build/move_turtle_pkg/move_turtle_pkg.egg-info/requires.txt
[0.700s] writing top-level names to ../../build/move_turtle_pkg/move_turtle_pkg.egg-info/top_level.txt
[0.701s] reading manifest file '../../build/move_turtle_pkg/move_turtle_pkg.egg-info/SOURCES.txt'
[0.701s] writing manifest file '../../build/move_turtle_pkg/move_turtle_pkg.egg-info/SOURCES.txt'
[0.702s] running build
[0.702s] running build_py
[0.702s] copying move_turtle_pkg/move_by_img.py -> /home/yoo/ROS2_education/edu2_ws/build/move_turtle_pkg/build/lib/move_turtle_pkg
[0.702s] running install
[0.702s] running install_lib
[0.703s] copying /home/yoo/ROS2_education/edu2_ws/build/move_turtle_pkg/build/lib/move_turtle_pkg/move_by_img.py -> /home/yoo/ROS2_education/edu2_ws/install/move_turtle_pkg/lib/python3.10/site-packages/move_turtle_pkg
[0.704s] byte-compiling /home/yoo/ROS2_education/edu2_ws/install/move_turtle_pkg/lib/python3.10/site-packages/move_turtle_pkg/move_by_img.py to move_by_img.cpython-310.pyc
[0.704s] running install_data
[0.705s] running install_egg_info
[0.706s] removing '/home/yoo/ROS2_education/edu2_ws/install/move_turtle_pkg/lib/python3.10/site-packages/move_turtle_pkg-0.0.0-py3.10.egg-info' (and everything under it)
[0.706s] Copying ../../build/move_turtle_pkg/move_turtle_pkg.egg-info to /home/yoo/ROS2_education/edu2_ws/install/move_turtle_pkg/lib/python3.10/site-packages/move_turtle_pkg-0.0.0-py3.10.egg-info
[0.707s] running install_scripts
[0.720s] Installing move_by_img script to /home/yoo/ROS2_education/edu2_ws/install/move_turtle_pkg/lib/move_turtle_pkg
[0.721s] writing list of installed files to '/home/yoo/ROS2_education/edu2_ws/build/move_turtle_pkg/install.log'
[0.743s] Invoked command in '/home/yoo/ROS2_education/edu2_ws/src/move_turtle_pkg' returned '0': PYTHONPATH=/home/yoo/ROS2_education/edu2_ws/build/move_turtle_pkg/prefix_override:/usr/lib/python3/dist-packages/colcon_core/task/python/colcon_distutils_commands:/home/yoo/ROS2_education/edu2_ws/install/move_turtle_pkg/lib/python3.10/site-packages:${PYTHONPATH} /usr/bin/python3 -W ignore:setup.py install is deprecated -W ignore:easy_install command is deprecated setup.py egg_info --egg-base ../../build/move_turtle_pkg build --build-base /home/yoo/ROS2_education/edu2_ws/build/move_turtle_pkg/build install --record /home/yoo/ROS2_education/edu2_ws/build/move_turtle_pkg/install.log --single-version-externally-managed install_data
